// Jest Snapshot v1, https://goo.gl/fbAQLP

exports[`Random Color Component renders Random Color 1`] = `
<Fragment>
  <ColorDisplay
    backgroundColor="black"
  />
</Fragment>
`;
