// Jest Snapshot v1, https://goo.gl/fbAQLP

exports[`ColorDisplay component renders ColorDisplay 1`] = `undefined`;
